Microchip MPLAB XC8 Compiler V3.00

Linker command line:

-W-3 \
  --edf=C:\Program Files\Microchip\xc8\v3.00\pic\dat\20241204225717_en.msgs \
  -pivt0x4008=04008h -cn \
  -h+dist/default/production\EE310-Assignment8_ADC-Juan_Ali_Ruiz_Guzman.X.production.sym \
  --cmf=dist/default/production\EE310-Assignment8_ADC-Juan_Ali_Ruiz_Guzman.X.production.cmf \
  -z -Q18F47K42 -oC:\Users\jargs\AppData\Local\Temp\xcAs2a4.\driver_tmp_3.o \
  --defsym=__MPLAB_BUILD=1 --fixupoverflow=error \
  -Mdist/default/production/EE310-Assignment8_ADC-Juan_Ali_Ruiz_Guzman.X.production.map \
  --md=C:\Users\jargs\AppData\Local\Temp\xcAs2a4.\driver_tmp_0.dat -E1 \
  -ver=XC8 Compiler -ACODE=00h-01FFFFh -ACONST=00h-01FFFFh \
  -ASMALLCONST=02000h-020FFhx224,012000h-0120FFhx224 \
  -AMEDIUMCONST=02000h-0FFFFh,012000h-01FFFFh -ACOMRAM=01h-05Fh \
  -AABS1=00h-01FFFh -ABIGRAM=01h-01FFFh -ARAM=060h-0FFh,0100h-01FFhx31 \
  -ABANK0=060h-0FFh -ABANK1=0100h-01FFh -ABANK2=0200h-02FFh \
  -ABANK3=0300h-03FFh -ABANK4=0400h-04FFh -ABANK5=0500h-05FFh \
  -ABANK6=0600h-06FFh -ABANK7=0700h-07FFh -ABANK8=0800h-08FFh \
  -ABANK9=0900h-09FFh -ABANK10=0A00h-0AFFh -ABANK11=0B00h-0BFFh \
  -ABANK12=0C00h-0CFFh -ABANK13=0D00h-0DFFh -ABANK14=0E00h-0EFFh \
  -ABANK15=0F00h-0FFFh -ABANK16=01000h-010FFh -ABANK17=01100h-011FFh \
  -ABANK18=01200h-012FFh -ABANK19=01300h-013FFh -ABANK20=01400h-014FFh \
  -ABANK21=01500h-015FFh -ABANK22=01600h-016FFh -ABANK23=01700h-017FFh \
  -ABANK24=01800h-018FFh -ABANK25=01900h-019FFh -ABANK26=01A00h-01AFFh \
  -ABANK27=01B00h-01BFFh -ABANK28=01C00h-01CFFh -ABANK29=01D00h-01DFFh \
  -ABANK30=01E00h-01EFFh -ABANK31=01F00h-01FFFh \
  -ASFR=03800h-038FFhx7,03F00h-03F5Fh,03F60h-03FFFh -ABIGSFR=03800h-03FFFh \
  -ACONFIG=0300000h-0300009h -AIDLOC=0200000h-020000Fh \
  -AEEDATA=0310000h-03103FFh -peeprom_data=EEDATA -preset_vec=00h \
  -ppowerup=CODE,init -pramtop=02000h -psmallconst=SMALLCONST \
  -pmediumconst=MEDIUMCONST -pconst=CONST -AFARRAM=00h-00h \
  -prdata=COMRAM,nvrram=COMRAM,nvbit=COMRAM,rbss=COMRAM,rbit=COMRAM \
  -pfarbss=FARRAM,fardata=FARRAM,nvFARRAM=FARRAM \
  -pintsave_regs=BIGRAM,bigbss=BIGRAM,bigdata=BIGRAM -pbss=RAM \
  -pidata=CODE,irdata=CODE,ibigdata=CODE,ifardata=CODE -prparam=COMRAM \
  C:\Users\jargs\AppData\Local\Temp\xcAs2a4.\driver_tmp_14.o \
  dist/default/production\EE310-Assignment8_ADC-Juan_Ali_Ruiz_Guzman.X.production.o 

Object code version is 3.11

Machine type is 18F47K42



                Name                               Link     Load   Length Selector   Space Scale
C:\Users\jargs\AppData\Local\Temp\xcAs2a4.\driver_tmp_14.o
                config                           300000   300000        A        0       4
                init                               40AE     40AE        4     2004       0
                reset_vec                             0        0        4        0       0
dist/default/production\EE310-Assignment8_ADC-Juan_Ali_Ruiz_Guzman.X.production.o
                config                           300000   300000        A        0       4
                smallconst                         2000     2000       86     1000       0
                ivt0x4008                          4008     4008       A6     2004       0
                text74                             9316     9316       A4     22B4       0
                text73                             96CC     96CC       6A     22B4       0
                text72                             8D9A     8D9A       E0     22B4       0
                text71                             9106     9106       BA     22B4       0
                text70                             9A26     9A26       4A     22B4       0
                text69                             9E7E     9E7E       1E     22B4       0
                text68                             9E60     9E60       1E     22B4       0
                text67                             9516     9516       72     22B4       0
                text66                             9CA2     9CA2       40     22B4       0
                text65                             7252     7252      390     2004       0
                text64                             926C     926C       AA     22B4       0
                text63                             86D0     86D0      104     2004       0
                text62                             6A76     6A76      44A     2004       0
                text61                             9D1C     9D1C       38     22B4       0
                text60                             6174     6174      4B6     2004       0
                text59                             9BD4     9BD4       46     22B4       0
                text58                             85CA     85CA      106     2004       0
                text57                             88D4     88D4       FE     2004       0
                text56                             7CF4     7CF4      212     2004       0
                text55                             9844     9844       56     22B4       0
                text54                             9792     9792       5A     22B4       0
                text53                             9EB2     9EB2        2     22B4       0
                text52                             902E     902E       D8     22B4       0
                text51                             9C5E     9C5E       44     22B4       0
                text50                             9588     9588       6E     22B4       0
                text49                             9B8E     9B8E       46     22B4       0
                text48                             4AA8     4AA8      9F2     2004       0
                text47                             8CAE     8CAE       EC     22B4       0
                text46                             7862     7862      27C     2004       0
                text45                             9940     9940       4E     22B4       0
                text44                             9B48     9B48       46     22B4       0
                text43                             9662     9662       6A     22B4       0
                text42                             89D2     89D2       FC     2004       0
                text41                             80BE     80BE      1B4     2004       0
                text40                             8F54     8F54       DA     22B4       0
                text39                             9D80     9D80       2C     22B4       0
                text38                             9EA4     9EA4        8     22B4       0
                text37                             8AD0     8AD0       F0     22B4       0
                text36                             9D54     9D54       2C     22B4       0
                text35                             99DA     99DA       4C     22B4       0
                text34                             9E1E     9E1E       22     22B4       0
                text33                             9DFC     9DFC       22     22B4       0
                text32                             9430     9430       74     22B4       0
                text31                             9C1A     9C1A       44     22B4       0
                text30                             6EC0     6EC0      392     2004       0
                text29                             662A     662A      44C     2004       0
                text28                             5CBC     5CBC      4B8     2004       0
                text27                             9B00     9B00       48     22B4       0
                text26                             7F06     7F06      1B8     2004       0
                text25                             549A     549A      822     2004       0
                text24                             91C0     91C0       AC     22B4       0
                text23                             84C4     84C4      106     2004       0
                text22                             9CE2     9CE2       3A     22B4       0
                text21                             83BC     83BC      108     2004       0
                text20                             87D4     87D4      100     2004       0
                text19                             7ADE     7ADE      216     2004       0
                text18                             97EC     97EC       58     22B4       0
                text17                             9736     9736       5C     22B4       0
                text16                             9EB0     9EB0        2     22B4       0
                text15                             8E7A     8E7A       DA     22B4       0
                text14                             9AB8     9AB8       48     22B4       0
                text13                             94A4     94A4       72     22B4       0
                text12                             9A70     9A70       48     22B4       0
                text11                             40B2     40B2      9F6     2004       0
                text10                             8BC0     8BC0       EE     22B4       0
                text9                              75E2     75E2      280     2004       0
                text8                              989A     989A       54     22B4       0
                text7                              998E     998E       4C     22B4       0
                text6                              95F6     95F6       6C     22B4       0
                text5                              8272     8272      14A     2004       0
                text4                              9DD4     9DD4       28     22B4       0
                text3                              9E9C     9E9C        8     22B4       0
                text2                              93BA     93BA       76     22B4       0
                text1                              9DAC     9DAC       28     22B4       0
                text0                              9E40     9E40       20     22B4       0
                cstackCOMRAM                          1        1       58        1       1
                cstackBANK0                          60       60       40       60       1
                cstackBANK1                         100      100       9F      100       1
                cstackBANK2                         200      200       58      200       1
                bssBANK1                            19F      19F       61      100       1
                dataBANK0                            CA       CA        4       60       1
                bssBANK0                             A0       A0       2A       60       1
                bssCOMRAM                            59       59        3        1       1
                cinit                              98EE     98EE       52     22B4       0
                idataBANK0                         9EAC     9EAC        4     22B4       0

TOTAL           Name                               Link     Load   Length     Space
        CLASS   CODE           
                init                               40AE     40AE        4         0
                reset_vec                             0        0        4         0
                ivt0x4008                          4008     4008       A6         0
                text74                             9316     9316       A4         0
                text73                             96CC     96CC       6A         0
                text72                             8D9A     8D9A       E0         0
                text71                             9106     9106       BA         0
                text70                             9A26     9A26       4A         0
                text69                             9E7E     9E7E       1E         0
                text68                             9E60     9E60       1E         0
                text67                             9516     9516       72         0
                text66                             9CA2     9CA2       40         0
                text65                             7252     7252      390         0
                text64                             926C     926C       AA         0
                text63                             86D0     86D0      104         0
                text62                             6A76     6A76      44A         0
                text61                             9D1C     9D1C       38         0
                text60                             6174     6174      4B6         0
                text59                             9BD4     9BD4       46         0
                text58                             85CA     85CA      106         0
                text57                             88D4     88D4       FE         0
                text56                             7CF4     7CF4      212         0
                text55                             9844     9844       56         0
                text54                             9792     9792       5A         0
                text53                             9EB2     9EB2        2         0
                text52                             902E     902E       D8         0
                text51                             9C5E     9C5E       44         0
                text50                             9588     9588       6E         0
                text49                             9B8E     9B8E       46         0
                text48                             4AA8     4AA8      9F2         0
                text47                             8CAE     8CAE       EC         0
                text46                             7862     7862      27C         0
                text45                             9940     9940       4E         0
                text44                             9B48     9B48       46         0
                text43                             9662     9662       6A         0
                text42                             89D2     89D2       FC         0
                text41                             80BE     80BE      1B4         0
                text40                             8F54     8F54       DA         0
                text39                             9D80     9D80       2C         0
                text38                             9EA4     9EA4        8         0
                text37                             8AD0     8AD0       F0         0
                text36                             9D54     9D54       2C         0
                text35                             99DA     99DA       4C         0
                text34                             9E1E     9E1E       22         0
                text33                             9DFC     9DFC       22         0
                text32                             9430     9430       74         0
                text31                             9C1A     9C1A       44         0
                text30                             6EC0     6EC0      392         0
                text29                             662A     662A      44C         0
                text28                             5CBC     5CBC      4B8         0
                text27                             9B00     9B00       48         0
                text26                             7F06     7F06      1B8         0
                text25                             549A     549A      822         0
                text24                             91C0     91C0       AC         0
                text23                             84C4     84C4      106         0
                text22                             9CE2     9CE2       3A         0
                text21                             83BC     83BC      108         0
                text20                             87D4     87D4      100         0
                text19                             7ADE     7ADE      216         0
                text18                             97EC     97EC       58         0
                text17                             9736     9736       5C         0
                text16                             9EB0     9EB0        2         0
                text15                             8E7A     8E7A       DA         0
                text14                             9AB8     9AB8       48         0
                text13                             94A4     94A4       72         0
                text12                             9A70     9A70       48         0
                text11                             40B2     40B2      9F6         0
                text10                             8BC0     8BC0       EE         0
                text9                              75E2     75E2      280         0
                text8                              989A     989A       54         0
                text7                              998E     998E       4C         0
                text6                              95F6     95F6       6C         0
                text5                              8272     8272      14A         0
                text4                              9DD4     9DD4       28         0
                text3                              9E9C     9E9C        8         0
                text2                              93BA     93BA       76         0
                text1                              9DAC     9DAC       28         0
                text0                              9E40     9E40       20         0
                cinit                              98EE     98EE       52         0
                idataBANK0                         9EAC     9EAC        4         0

        CLASS   CONST          

        CLASS   SMALLCONST     
                smallconst                         2000     2000       86         0

        CLASS   MEDIUMCONST    

        CLASS   COMRAM         
                cstackCOMRAM                          1        1       58         1
                bssCOMRAM                            59       59        3         1

        CLASS   ABS1           

        CLASS   BIGRAM         

        CLASS   RAM            

        CLASS   BANK0          
                cstackBANK0                          60       60       40         1
                dataBANK0                            CA       CA        4         1
                bssBANK0                             A0       A0       2A         1

        CLASS   BANK1          
                cstackBANK1                         100      100       9F         1
                bssBANK1                            19F      19F       61         1

        CLASS   BANK2          
                cstackBANK2                         200      200       58         1

        CLASS   BANK3          

        CLASS   BANK4          

        CLASS   BANK5          

        CLASS   BANK6          

        CLASS   BANK7          

        CLASS   BANK8          

        CLASS   BANK9          

        CLASS   BANK10         

        CLASS   BANK11         

        CLASS   BANK12         

        CLASS   BANK13         

        CLASS   BANK14         

        CLASS   BANK15         

        CLASS   BANK16         

        CLASS   BANK17         

        CLASS   BANK18         

        CLASS   BANK19         

        CLASS   BANK20         

        CLASS   BANK21         

        CLASS   BANK22         

        CLASS   BANK23         

        CLASS   BANK24         

        CLASS   BANK25         

        CLASS   BANK26         

        CLASS   BANK27         

        CLASS   BANK28         

        CLASS   BANK29         

        CLASS   BANK30         

        CLASS   BANK31         

        CLASS   SFR            

        CLASS   BIGSFR         

        CLASS   CONFIG         
                config                           300000   300000        A         4

        CLASS   IDLOC          

        CLASS   EEDATA         

        CLASS   FARRAM         

        CLASS   HEAP           

        CLASS   STACK          



SEGMENTS        Name                           Load    Length   Top    Selector   Space  Class

                reset_vec                      000000  000004  000004         0       0  CODE    
                cstackCOMRAM                   000001  00005B  00005C         1       1  COMRAM  
                cstackBANK0                    000060  00006E  0000CE        60       1  BANK0   
                cstackBANK1                    000100  000100  000200       100       1  BANK1   
                cstackBANK2                    000200  000058  000258       200       1  BANK2   
                smallconst                     002000  000086  002086      1000       0  SMALLCON
                ivt0x4008                      004008  004AC6  008ACE      2004       0  CODE    
                text37                         008AD0  0013E4  009EB4      22B4       0  CODE    


UNUSED ADDRESS RANGES

        Name                Unused          Largest block    Delta
        BANK0            0000CE-0000FF               32
        BANK10           000A00-000AFF              100
        BANK11           000B00-000BFF              100
        BANK12           000C00-000CFF              100
        BANK13           000D00-000DFF              100
        BANK14           000E00-000EFF              100
        BANK15           000F00-000FFF              100
        BANK16           001000-0010FF              100
        BANK17           001100-0011FF              100
        BANK18           001200-0012FF              100
        BANK19           001300-0013FF              100
        BANK2            000258-0002FF               A8
        BANK20           001400-0014FF              100
        BANK21           001500-0015FF              100
        BANK22           001600-0016FF              100
        BANK23           001700-0017FF              100
        BANK24           001800-0018FF              100
        BANK25           001900-0019FF              100
        BANK26           001A00-001AFF              100
        BANK27           001B00-001BFF              100
        BANK28           001C00-001CFF              100
        BANK29           001D00-001DFF              100
        BANK3            000300-0003FF              100
        BANK30           001E00-001EFF              100
        BANK31           001F00-001FFF              100
        BANK4            000400-0004FF              100
        BANK5            000500-0005FF              100
        BANK6            000600-0006FF              100
        BANK7            000700-0007FF              100
        BANK8            000800-0008FF              100
        BANK9            000900-0009FF              100
        BIGRAM           00005C-00005F                4
                         0000CE-0000FF               32
                         000258-001FFF             1DA8
        BIGSFR           003800-003FFF              800
        CODE             000004-001FFF             1FFC
                         002086-004007             1F82
                         008ACE-008ACF                2
                         009EB4-01FFFF            1614C
        COMRAM           00005C-00005F                4
        CONST            000004-001FFF             1FFC
                         002086-004007             1F82
                         008ACE-008ACF                2
                         009EB4-01FFFF            1614C
        EEDATA           310000-3103FF              400
        IDLOC            200000-20000F               10
        MEDIUMCONST      002086-004007             1F82
                         008ACE-008ACF                2
                         009EB4-00FFFF             614C
                         012000-01FFFF             E000
        RAM              0000CE-0000FF               32
                         000258-001FFF              100
        SFR              003800-003FFF              100
        SMALLCONST       002086-004007              100
                         008ACE-008ACF                2
                         009EB4-00FFFF              100
                         012000-01FFFF              100

                                  Symbol Table

?___fladd                     cstackBANK1  000127
?___fldiv                     cstackBANK1  000137
?___flmul                     cstackBANK1  00010E
?___flneg                     cstackBANK1  000100
?___flsub                     cstackBANK1  000137
?___fltol                     cstackBANK1  000100
?___fpclassifyf               cstackBANK1  000100
?___lldiv                     cstackCOMRAM 00000D
?___lmul                      cstackCOMRAM 000001
?___xxtofl                    cstackBANK1  000100
?_floorf                      cstackBANK1  000150
?_labs                        cstackBANK1  000100
?_log10f                      cstackBANK1  000150
?_read_prec_or_width          cstackBANK1  000100
?_sprintf                     cstackBANK2  00020E
?_vfprintf                    cstackBANK2  000208
?i2___fladd                   cstackCOMRAM 000001
?i2___fldiv                   cstackCOMRAM 000001
?i2___flmul                   cstackCOMRAM 00000F
?i2___flneg                   cstackCOMRAM 000001
?i2___flsub                   cstackCOMRAM 000028
?i2___fltol                   cstackCOMRAM 000001
?i2___fpclassifyf             cstackCOMRAM 000001
?i2___xxtofl                  cstackCOMRAM 000001
?i2_floorf                    cstackCOMRAM 00001A
?i2_labs                      cstackCOMRAM 000001
?i2_read_prec_or_width        cstackCOMRAM 000001
?i2_sprintf                   cstackBANK0  00008C
?i2_vfprintf                  cstackCOMRAM 00004B
IVTBASEH                      (abs)        003FD6
IVTBASEL                      (abs)        003FD5
IVTBASEU                      (abs)        003FD7
LCD_Char@dat                  cstackBANK1  000106
LCD_Command@cmd               cstackBANK1  000106
LCD_String@msg                cstackBANK1  000107
LCD_String_xy@location        cstackBANK1  00010D
LCD_String_xy@msg             cstackBANK1  00010A
LCD_String_xy@pos             cstackBANK1  000109
LCD_String_xy@row             cstackBANK1  00010C
MSdelay@i                     cstackBANK1  000102
MSdelay@j                     cstackBANK1  000104
MSdelay@val                   cstackBANK1  000100
_ADACQH                       (abs)        003EF4
_ADACQL                       (abs)        003EF3
_ADCAP                        (abs)        003EF5
_ADCLK                        (abs)        003EFF
_ADCON0bits                   (abs)        003EF8
_ADC_Init                     text36       009D54
_ADC_RA2Conver                text5        008272
_ADC_RA2Conver$1487           cstackBANK2  000250
_ADC_RA2Conver$1488           cstackBANK2  000254
_ADC_RA3Conver                text40       008F54
_ADPCH                        (abs)        003EF1
_ADPREH                       (abs)        003EF7
_ADPREL                       (abs)        003EF6
_ADREF                        (abs)        003EFD
_ADRESH                       (abs)        003EF0
_ADRESL                       (abs)        003EEF
_ANSELA                       (abs)        003A40
_ANSELAbits                   (abs)        003A40
_ANSELB                       (abs)        003A50
_ANSELC                       (abs)        003A60
_ANSELD                       (abs)        003A70
_INTCON0bits                  (abs)        003FD2
_INTERRUPT_Initialize         text4        009DD4
_IOCAFbits                    (abs)        003A47
_IOCAPbits                    (abs)        003A45
_IPR0bits                     (abs)        003980
_ISR                          text37       008AD0
_IVTBASEH                     (abs)        003FD6
_IVTBASEL                     (abs)        003FD5
_IVTBASEU                     (abs)        003FD7
_LATA                         (abs)        003FBA
_LATB                         (abs)        003FBB
_LATC                         (abs)        003FBC
_LATD                         (abs)        003FBD
_LATD0                        (abs)        01FDE8
_LATD1                        (abs)        01FDE9
_LCD_Char                     text33       009DFC
_LCD_Clear                    text3        009E9C
_LCD_Command                  text34       009E1E
_LCD_Init                     text2        0093BA
_LCD_String                   text32       009430
_LCD_String_xy                text31       009C1A
_MSdelay                      text35       0099DA
_PIE0bits                     (abs)        003990
_PIR0bits                     (abs)        0039A0
_PORTA                        (abs)        003FCA
_PORTAbits                    (abs)        003FCA
_PORTB                        (abs)        003FCB
_PORTC                        (abs)        003FCC
_PORTD                        (abs)        003FCD
_PORTDbits                    (abs)        003FCD
_PORTS_Init                   text1        009DAC
_TRISA                        (abs)        003FC2
_TRISAbits                    (abs)        003FC2
_TRISB                        (abs)        003FC3
_TRISC                        (abs)        003FC4
_TRISD                        (abs)        003FC5
_TRISDbits                    (abs)        003FC5
_WPUA                         (abs)        003A41
__HRAM                        (abs)        000000
__H__absolute__               __absolute__ 000000
__Habs1                       abs1         000000
__Hbank0                      bank0        000000
__Hbank1                      bank1        000000
__Hbank10                     bank10       000000
__Hbank11                     bank11       000000
__Hbank12                     bank12       000000
__Hbank13                     bank13       000000
__Hbank14                     bank14       000000
__Hbank15                     bank15       000000
__Hbank16                     bank16       000000
__Hbank17                     bank17       000000
__Hbank18                     bank18       000000
__Hbank19                     bank19       000000
__Hbank2                      bank2        000000
__Hbank20                     bank20       000000
__Hbank21                     bank21       000000
__Hbank22                     bank22       000000
__Hbank23                     bank23       000000
__Hbank24                     bank24       000000
__Hbank25                     bank25       000000
__Hbank26                     bank26       000000
__Hbank27                     bank27       000000
__Hbank28                     bank28       000000
__Hbank29                     bank29       000000
__Hbank3                      bank3        000000
__Hbank30                     bank30       000000
__Hbank31                     bank31       000000
__Hbank4                      bank4        000000
__Hbank5                      bank5        000000
__Hbank6                      bank6        000000
__Hbank7                      bank7        000000
__Hbank8                      bank8        000000
__Hbank9                      bank9        000000
__Hbigbss                     bigbss       000000
__Hbigdata                    bigdata      000000
__Hbigram                     bigram       000000
__Hbigsfr                     bigsfr       000000
__Hbss                        bss          000000
__HbssBANK0                   bssBANK0     000000
__HbssBANK1                   bssBANK1     000000
__HbssCOMRAM                  bssCOMRAM    000000
__Hcinit                      cinit        000000
__Hclrtext                    clrtext      000000
__Hcomram                     comram       000000
__Hconfig                     config       30000A
__Hconst                      const        000000
__HcstackBANK0                cstackBANK0  000000
__HcstackBANK1                cstackBANK1  000000
__HcstackBANK2                cstackBANK2  000000
__HcstackCOMRAM               cstackCOMRAM 000000
__Hdata                       data         000000
__HdataBANK0                  dataBANK0    000000
__Heeprom_data                eeprom_data  000000
__Hfarbss                     farbss       000000
__Hfardata                    fardata      000000
__Hheap                       heap         000000
__Hibigdata                   ibigdata     000000
__Hidata                      idata        000000
__HidataBANK0                 idataBANK0   000000
__Hidloc                      idloc        000000
__Hifardata                   ifardata     000000
__Hinit                       init         0040B2
__Hintsave_regs               intsave_regs 000000
__Hirdata                     irdata       000000
__Hivt0x4008                  ivt0x4008    0040AE
__Hmediumconst                mediumconst  000000
__HnvFARRAM                   nvFARRAM     000000
__Hnvbit                      nvbit        000000
__Hnvrram                     nvrram       000000
__Hparam                      rparam       000000
__Hpowerup                    powerup      000000
__Hram                        ram          000000
__Hramtop                     ramtop       002000
__Hrbit                       rbit         000000
__Hrbss                       rbss         000000
__Hrdata                      rdata        000000
__Hreset_vec                  reset_vec    000004
__Hrparam                     rparam       000000
__Hsfr                        sfr          000000
__Hsmallconst                 smallconst   002086
__Hspace_0                    (abs)        009EB4
__Hspace_1                    (abs)        000258
__Hspace_2                    (abs)        000000
__Hspace_4                    (abs)        60000A
__Hstack                      stack        000000
__Hstruct                     struct       000000
__Htemp                       temp         000000
__Htext                       text         000000
__Htext0                      text0        000000
__Htext1                      text1        000000
__Htext10                     text10       000000
__Htext11                     text11       000000
__Htext12                     text12       000000
__Htext13                     text13       000000
__Htext14                     text14       000000
__Htext15                     text15       000000
__Htext16                     text16       000000
__Htext17                     text17       000000
__Htext18                     text18       000000
__Htext19                     text19       000000
__Htext2                      text2        000000
__Htext20                     text20       000000
__Htext21                     text21       000000
__Htext22                     text22       000000
__Htext23                     text23       000000
__Htext24                     text24       000000
__Htext25                     text25       000000
__Htext26                     text26       000000
__Htext27                     text27       000000
__Htext28                     text28       000000
__Htext29                     text29       000000
__Htext3                      text3        000000
__Htext30                     text30       000000
__Htext31                     text31       000000
__Htext32                     text32       000000
__Htext33                     text33       000000
__Htext34                     text34       000000
__Htext35                     text35       000000
__Htext36                     text36       000000
__Htext37                     text37       000000
__Htext38                     text38       000000
__Htext39                     text39       000000
__Htext4                      text4        000000
__Htext40                     text40       000000
__Htext41                     text41       000000
__Htext42                     text42       000000
__Htext43                     text43       000000
__Htext44                     text44       000000
__Htext45                     text45       000000
__Htext46                     text46       000000
__Htext47                     text47       000000
__Htext48                     text48       000000
__Htext49                     text49       000000
__Htext5                      text5        000000
__Htext50                     text50       000000
__Htext51                     text51       000000
__Htext52                     text52       000000
__Htext53                     text53       000000
__Htext54                     text54       000000
__Htext55                     text55       000000
__Htext56                     text56       000000
__Htext57                     text57       000000
__Htext58                     text58       000000
__Htext59                     text59       000000
__Htext6                      text6        000000
__Htext60                     text60       000000
__Htext61                     text61       000000
__Htext62                     text62       000000
__Htext63                     text63       000000
__Htext64                     text64       000000
__Htext65                     text65       000000
__Htext66                     text66       000000
__Htext67                     text67       000000
__Htext68                     text68       000000
__Htext69                     text69       000000
__Htext7                      text7        000000
__Htext70                     text70       000000
__Htext71                     text71       000000
__Htext72                     text72       000000
__Htext73                     text73       000000
__Htext74                     text74       000000
__Htext8                      text8        000000
__Htext9                      text9        000000
__LRAM                        (abs)        000001
__L__absolute__               __absolute__ 000000
__Labs1                       abs1         000000
__Lbank0                      bank0        000000
__Lbank1                      bank1        000000
__Lbank10                     bank10       000000
__Lbank11                     bank11       000000
__Lbank12                     bank12       000000
__Lbank13                     bank13       000000
__Lbank14                     bank14       000000
__Lbank15                     bank15       000000
__Lbank16                     bank16       000000
__Lbank17                     bank17       000000
__Lbank18                     bank18       000000
__Lbank19                     bank19       000000
__Lbank2                      bank2        000000
__Lbank20                     bank20       000000
__Lbank21                     bank21       000000
__Lbank22                     bank22       000000
__Lbank23                     bank23       000000
__Lbank24                     bank24       000000
__Lbank25                     bank25       000000
__Lbank26                     bank26       000000
__Lbank27                     bank27       000000
__Lbank28                     bank28       000000
__Lbank29                     bank29       000000
__Lbank3                      bank3        000000
__Lbank30                     bank30       000000
__Lbank31                     bank31       000000
__Lbank4                      bank4        000000
__Lbank5                      bank5        000000
__Lbank6                      bank6        000000
__Lbank7                      bank7        000000
__Lbank8                      bank8        000000
__Lbank9                      bank9        000000
__Lbigbss                     bigbss       000000
__Lbigdata                    bigdata      000000
__Lbigram                     bigram       000000
__Lbigsfr                     bigsfr       000000
__Lbss                        bss          000000
__LbssBANK0                   bssBANK0     000000
__LbssBANK1                   bssBANK1     000000
__LbssCOMRAM                  bssCOMRAM    000000
__Lcinit                      cinit        000000
__Lclrtext                    clrtext      000000
__Lcomram                     comram       000000
__Lconfig                     config       000000
__Lconst                      const        000000
__LcstackBANK0                cstackBANK0  000000
__LcstackBANK1                cstackBANK1  000000
__LcstackBANK2                cstackBANK2  000000
__LcstackCOMRAM               cstackCOMRAM 000000
__Ldata                       data         000000
__LdataBANK0                  dataBANK0    000000
__Leeprom_data                eeprom_data  000000
__Lfarbss                     farbss       000000
__Lfardata                    fardata      000000
__Lheap                       heap         000000
__Libigdata                   ibigdata     000000
__Lidata                      idata        000000
__LidataBANK0                 idataBANK0   000000
__Lidloc                      idloc        000000
__Lifardata                   ifardata     000000
__Linit                       init         0040AE
__Lintsave_regs               intsave_regs 000000
__Lirdata                     irdata       000000
__Livt0x4008                  ivt0x4008    004008
__Lmediumconst                mediumconst  000000
__LnvFARRAM                   nvFARRAM     000000
__Lnvbit                      nvbit        000000
__Lnvrram                     nvrram       000000
__Lparam                      rparam       000000
__Lpowerup                    powerup      000000
__Lram                        ram          000000
__Lramtop                     ramtop       002000
__Lrbit                       rbit         000000
__Lrbss                       rbss         000000
__Lrdata                      rdata        000000
__Lreset_vec                  reset_vec    000000
__Lrparam                     rparam       000000
__Lsfr                        sfr          000000
__Lsmallconst                 smallconst   002000
__Lspace_0                    (abs)        000000
__Lspace_1                    (abs)        000000
__Lspace_2                    (abs)        000000
__Lspace_4                    (abs)        000000
__Lstack                      stack        000000
__Lstruct                     struct       000000
__Ltemp                       temp         000000
__Ltext                       text         000000
__Ltext0                      text0        000000
__Ltext1                      text1        000000
__Ltext10                     text10       000000
__Ltext11                     text11       000000
__Ltext12                     text12       000000
__Ltext13                     text13       000000
__Ltext14                     text14       000000
__Ltext15                     text15       000000
__Ltext16                     text16       000000
__Ltext17                     text17       000000
__Ltext18                     text18       000000
__Ltext19                     text19       000000
__Ltext2                      text2        000000
__Ltext20                     text20       000000
__Ltext21                     text21       000000
__Ltext22                     text22       000000
__Ltext23                     text23       000000
__Ltext24                     text24       000000
__Ltext25                     text25       000000
__Ltext26                     text26       000000
__Ltext27                     text27       000000
__Ltext28                     text28       000000
__Ltext29                     text29       000000
__Ltext3                      text3        000000
__Ltext30                     text30       000000
__Ltext31                     text31       000000
__Ltext32                     text32       000000
__Ltext33                     text33       000000
__Ltext34                     text34       000000
__Ltext35                     text35       000000
__Ltext36                     text36       000000
__Ltext37                     text37       000000
__Ltext38                     text38       000000
__Ltext39                     text39       000000
__Ltext4                      text4        000000
__Ltext40                     text40       000000
__Ltext41                     text41       000000
__Ltext42                     text42       000000
__Ltext43                     text43       000000
__Ltext44                     text44       000000
__Ltext45                     text45       000000
__Ltext46                     text46       000000
__Ltext47                     text47       000000
__Ltext48                     text48       000000
__Ltext49                     text49       000000
__Ltext5                      text5        000000
__Ltext50                     text50       000000
__Ltext51                     text51       000000
__Ltext52                     text52       000000
__Ltext53                     text53       000000
__Ltext54                     text54       000000
__Ltext55                     text55       000000
__Ltext56                     text56       000000
__Ltext57                     text57       000000
__Ltext58                     text58       000000
__Ltext59                     text59       000000
__Ltext6                      text6        000000
__Ltext60                     text60       000000
__Ltext61                     text61       000000
__Ltext62                     text62       000000
__Ltext63                     text63       000000
__Ltext64                     text64       000000
__Ltext65                     text65       000000
__Ltext66                     text66       000000
__Ltext67                     text67       000000
__Ltext68                     text68       000000
__Ltext69                     text69       000000
__Ltext7                      text7        000000
__Ltext70                     text70       000000
__Ltext71                     text71       000000
__Ltext72                     text72       000000
__Ltext73                     text73       000000
__Ltext74                     text74       000000
__Ltext8                      text8        000000
__Ltext9                      text9        000000
__S0                          (abs)        009EB4
__S1                          (abs)        000258
__S4                          (abs)        000000
__S5                          (abs)        000000
___fladd                      text28       005CBC
___fladd@a                    cstackBANK1  00012B
___fladd@aexp                 cstackBANK1  000134
___fladd@b                    cstackBANK1  000127
___fladd@bexp                 cstackBANK1  000135
___fladd@grs                  cstackBANK1  000136
___fladd@signs                cstackBANK1  000133
___fldiv                      text30       006EC0
___fldiv@a                    cstackBANK1  00013B
___fldiv@aexp                 cstackBANK1  00014F
___fldiv@b                    cstackBANK1  000137
___fldiv@bexp                 cstackBANK1  00014E
___fldiv@grs                  cstackBANK1  00014A
___fldiv@new_exp              cstackBANK1  000148
___fldiv@rem                  cstackBANK1  000143
___fldiv@sign                 cstackBANK1  000147
___fleq                       text24       0091C0
___fleq@ff1                   cstackBANK1  000100
___fleq@ff2                   cstackBANK1  000104
___flge                       text23       0084C4
___flge@ff1                   cstackBANK1  000127
___flge@ff2                   cstackBANK1  00012B
___flmul                      text29       00662A
___flmul@a                    cstackBANK1  000112
___flmul@aexp                 cstackBANK1  00011B
___flmul@b                    cstackBANK1  00010E
___flmul@bexp                 cstackBANK1  000120
___flmul@grs                  cstackBANK1  00011C
___flmul@prod                 cstackBANK1  000121
___flmul@sign                 cstackBANK1  00011A
___flmul@temp                 cstackBANK1  000125
___flneg                      text22       009CE2
___flneg@f1                   cstackBANK1  000100
___flsub                      text27       009B00
___flsub@a                    cstackBANK1  00013B
___flsub@b                    cstackBANK1  000137
___fltol                      text21       0083BC
___fltol@exp1                 cstackBANK1  000109
___fltol@f1                   cstackBANK1  000100
___fltol@sign1                cstackBANK1  000108
___fpclassifyf                text20       0087D4
___fpclassifyf@F465           bssBANK0     0000A4
___fpclassifyf@e              cstackBANK1  000108
___fpclassifyf@u              cstackBANK1  00010A
___fpclassifyf@x              cstackBANK1  000100
___heap_hi                    (abs)        000000
___heap_lo                    (abs)        000000
___inthi_sp                   stack        000000
___inthi_stack_hi             stack        000000
___inthi_stack_lo             stack        000000
___intlo_sp                   stack        000000
___intlo_stack_hi             stack        000000
___intlo_stack_lo             stack        000000
___lldiv                      text74       009316
___lldiv@counter              cstackCOMRAM 000019
___lldiv@dividend             cstackCOMRAM 00000D
___lldiv@divisor              cstackCOMRAM 000011
___lldiv@quotient             cstackCOMRAM 000015
___lmul                       text73       0096CC
___lmul@multiplicand          cstackCOMRAM 000005
___lmul@multiplier            cstackCOMRAM 000001
___lmul@product               cstackCOMRAM 000009
___param_bank                 (abs)        000000
___rparam_used                (abs)        000001
___sp                         stack        000000
___stack_hi                   stack        000000
___stack_lo                   stack        000000
___xxtofl                     text26       007F06
___xxtofl@arg                 cstackBANK1  00010A
___xxtofl@exp                 cstackBANK1  000109
___xxtofl@sign                cstackBANK1  000108
___xxtofl@val                 cstackBANK1  000100
__accesstop                   (abs)        000060
__activetblptr                (abs)        000003
__end_of_ADC_Init             text36       009D80
__end_of_ADC_RA2Conver        text5        0083BC
__end_of_ADC_RA3Conver        text40       00902E
__end_of_INTERRUPT_Initialize text4        009DFC
__end_of_ISR                  text37       008BC0
__end_of_LCD_Char             text33       009E1E
__end_of_LCD_Clear            text3        009EA4
__end_of_LCD_Command          text34       009E40
__end_of_LCD_Init             text2        009430
__end_of_LCD_String           text32       0094A4
__end_of_LCD_String_xy        text31       009C5E
__end_of_Lg1                  smallconst   002011
__end_of_Lg2                  smallconst   00200D
__end_of_Lg3                  smallconst   002009
__end_of_Lg4                  smallconst   002005
__end_of_MSdelay              text35       009A26
__end_of_PORTS_Init           text1        009DD4
__end_of___fladd              text28       006174
__end_of___fldiv              text30       007252
__end_of___fleq               text24       00926C
__end_of___flge               text23       0085CA
__end_of___flmul              text29       006A76
__end_of___flneg              text22       009D1C
__end_of___flsub              text27       009B48
__end_of___fltol              text21       0084C4
__end_of___fpclassifyf        text20       0088D4
__end_of___lldiv              text74       0093BA
__end_of___lmul               text73       009736
__end_of___xxtofl             text26       0080BE
__end_of__initialization      cinit        00993A
__end_of_efgtoa               text11       004AA8
__end_of_floorf               text19       007CF4
__end_of_fputc                text15       008F54
__end_of_fputs                text14       009B00
__end_of_ivln10hi             smallconst   002021
__end_of_ivln10lo             smallconst   00201D
__end_of_labs                 text18       009844
__end_of_log10_2hi            smallconst   002019
__end_of_log10_2lo            smallconst   002015
__end_of_log10f               text25       005CBC
__end_of_main                 text0        009E60
__end_of_memcpy               text17       009792
__end_of_pad                  text13       009516
__end_of_play_melody          text71       0091C0
__end_of_play_note            text72       008E7A
__end_of_putch                text16       009EB2
__end_of_read_prec_or_width   text10       008CAE
__end_of_sprintf              text7        0099DA
__end_of_strcat               text6        009662
__end_of_strcpy               text12       009AB8
__end_of_timer_func           text42       008ACE
__end_of_vfpfcnvrt            text9        007862
__end_of_vfprintf             text8        0098EE
__end_of_volt_read_func       text39       009DAC
__end_ofi2_LCD_Char           text68       009E7E
__end_ofi2_LCD_Clear          text38       009EAC
__end_ofi2_LCD_Command        text69       009E9C
__end_ofi2_LCD_String         text67       009588
__end_ofi2_LCD_String_xy      text66       009CE2
__end_ofi2_MSdelay            text70       009A70
__end_ofi2___fladd            text60       00662A
__end_ofi2___fldiv            text65       0075E2
__end_ofi2___fleq             text64       009316
__end_ofi2___flge             text63       0087D4
__end_ofi2___flmul            text62       006EC0
__end_ofi2___flneg            text61       009D54
__end_ofi2___flsub            text59       009C1A
__end_ofi2___fltol            text58       0086D0
__end_ofi2___fpclassifyf      text57       0089D2
__end_ofi2___xxtofl           text41       008272
__end_ofi2_efgtoa             text48       00549A
__end_ofi2_floorf             text56       007F06
__end_ofi2_fputc              text52       009106
__end_ofi2_fputs              text51       009CA2
__end_ofi2_labs               text55       00989A
__end_ofi2_memcpy             text54       0097EC
__end_ofi2_pad                text50       0095F6
__end_ofi2_putch              text53       009EB4
__end_ofi2_read_prec_or_width text47       008D9A
__end_ofi2_sprintf            text44       009B8E
__end_ofi2_strcat             text43       0096CC
__end_ofi2_strcpy             text49       009BD4
__end_ofi2_vfpfcnvrt          text46       007ADE
__end_ofi2_vfprintf           text45       00998E
__initialization              cinit        0098EE
__mediumconst                 smallconst   002000
__pbssBANK0                   bssBANK0     0000A0
__pbssBANK1                   bssBANK1     00019F
__pbssCOMRAM                  bssCOMRAM    000059
__pcinit                      cinit        0098EE
__pcstackBANK0                cstackBANK0  000060
__pcstackBANK1                cstackBANK1  000100
__pcstackBANK2                cstackBANK2  000200
__pcstackCOMRAM               cstackCOMRAM 000001
__pdataBANK0                  dataBANK0    0000CA
__pidataBANK0                 idataBANK0   009EAC
__pivt0x4008                  ivt0x4008    004008
__psmallconst                 smallconst   002000
__ptext0                      text0        009E40
__ptext1                      text1        009DAC
__ptext10                     text10       008BC0
__ptext11                     text11       0040B2
__ptext12                     text12       009A70
__ptext13                     text13       0094A4
__ptext14                     text14       009AB8
__ptext15                     text15       008E7A
__ptext16                     text16       009EB0
__ptext17                     text17       009736
__ptext18                     text18       0097EC
__ptext19                     text19       007ADE
__ptext2                      text2        0093BA
__ptext20                     text20       0087D4
__ptext21                     text21       0083BC
__ptext22                     text22       009CE2
__ptext23                     text23       0084C4
__ptext24                     text24       0091C0
__ptext25                     text25       00549A
__ptext26                     text26       007F06
__ptext27                     text27       009B00
__ptext28                     text28       005CBC
__ptext29                     text29       00662A
__ptext3                      text3        009E9C
__ptext30                     text30       006EC0
__ptext31                     text31       009C1A
__ptext32                     text32       009430
__ptext33                     text33       009DFC
__ptext34                     text34       009E1E
__ptext35                     text35       0099DA
__ptext36                     text36       009D54
__ptext37                     text37       008AD0
__ptext38                     text38       009EA4
__ptext39                     text39       009D80
__ptext4                      text4        009DD4
__ptext40                     text40       008F54
__ptext41                     text41       0080BE
__ptext42                     text42       0089D2
__ptext43                     text43       009662
__ptext44                     text44       009B48
__ptext45                     text45       009940
__ptext46                     text46       007862
__ptext47                     text47       008CAE
__ptext48                     text48       004AA8
__ptext49                     text49       009B8E
__ptext5                      text5        008272
__ptext50                     text50       009588
__ptext51                     text51       009C5E
__ptext52                     text52       00902E
__ptext53                     text53       009EB2
__ptext54                     text54       009792
__ptext55                     text55       009844
__ptext56                     text56       007CF4
__ptext57                     text57       0088D4
__ptext58                     text58       0085CA
__ptext59                     text59       009BD4
__ptext6                      text6        0095F6
__ptext60                     text60       006174
__ptext61                     text61       009D1C
__ptext62                     text62       006A76
__ptext63                     text63       0086D0
__ptext64                     text64       00926C
__ptext65                     text65       007252
__ptext66                     text66       009CA2
__ptext67                     text67       009516
__ptext68                     text68       009E60
__ptext69                     text69       009E7E
__ptext7                      text7        00998E
__ptext70                     text70       009A26
__ptext71                     text71       009106
__ptext72                     text72       008D9A
__ptext73                     text73       0096CC
__ptext74                     text74       009316
__ptext8                      text8        00989A
__ptext9                      text9        0075E2
__ramtop                      ramtop       002000
__smallconst                  smallconst   002000
_counter                      dataBANK0    0000CA
_counterStr                   bssBANK1     0001F5
_dB                           bssBANK0     0000B0
_dBStr                        bssBANK0     0000C0
_data                         bssBANK0     0000B6
_dbuf                         bssBANK1     0001A5
_digital                      bssBANK1     0001A3
_efgtoa                       text11       0040B2
_efgtoa$1167                  cstackBANK1  000173
_errno                        bssBANK0     0000B4
_flags                        bssCOMRAM    00005B
_floorf                       text19       007ADE
_fputc                        text15       008E7A
_fputs                        text14       009AB8
_labs                         text18       0097EC
_log10f                       text25       00549A
_log10f$1489                  cstackBANK2  00023E
_log10f$1490                  cstackBANK2  00020C
_log10f$1491                  cstackBANK2  000210
_log10f$1492                  cstackBANK2  00022A
_log10f$1493                  cstackBANK2  000214
_log10f$1494                  cstackBANK2  000218
_log10f$1495                  cstackBANK2  00021C
_main                         text0        009E40
_memcpy                       text17       009736
_pad                          text13       0094A4
_play_melody                  text71       009106
_play_note                    text72       008D9A
_prec                         bssBANK1     0001A1
_putch                        text16       009EB0
_read_prec_or_width           text10       008BC0
_sprintf                      text7        00998E
_state                        bssCOMRAM    000059
_strcat                       text6        0095F6
_strcpy                       text12       009A70
_timer_func                   text42       0089D2
_vfpfcnvrt                    text9        0075E2
_vfprintf                     text8        00989A
_volt_read_func               text39       009D80
_voltage                      bssBANK0     0000AC
_width                        bssBANK1     00019F
efgtoa@c                      cstackBANK1  00016A
efgtoa@d                      cstackBANK1  000178
efgtoa@e                      cstackBANK1  00017C
efgtoa@f                      cstackBANK1  000166
efgtoa@fp                     cstackBANK1  000164
efgtoa@g                      cstackBANK1  00018F
efgtoa@h                      cstackBANK1  000186
efgtoa@i                      cstackBANK1  000184
efgtoa@l                      cstackBANK1  00018A
efgtoa@m                      cstackBANK1  00017A
efgtoa@mode                   cstackBANK1  000176
efgtoa@n                      cstackBANK1  000193
efgtoa@ne                     cstackBANK1  00016D
efgtoa@nmode                  cstackBANK1  000177
efgtoa@ou                     cstackBANK1  000180
efgtoa@p                      cstackBANK1  00016F
efgtoa@pp                     cstackBANK1  000175
efgtoa@sign                   cstackBANK1  00018E
efgtoa@t                      cstackBANK1  000171
efgtoa@u                      cstackBANK1  000195
efgtoa@w                      cstackBANK1  00017E
end_of_initialization         cinit        00993A
floorf@F521                   bssBANK0     0000A0
floorf@e                      cstackBANK1  00015E
floorf@m                      cstackBANK1  00015A
floorf@u                      cstackBANK1  000160
floorf@x                      cstackBANK1  000150
fputc@c                       cstackBANK1  000100
fputc@fp                      cstackBANK1  000102
fputs@c                       cstackBANK1  00010D
fputs@fp                      cstackBANK1  00010B
fputs@i                       cstackBANK1  00010E
fputs@s                       cstackBANK1  000109
i2LCD_Char@dat                cstackCOMRAM 000007
i2LCD_Command@cmd             cstackCOMRAM 000007
i2LCD_String@msg              cstackCOMRAM 000008
i2LCD_String_xy@location      cstackCOMRAM 00000E
i2LCD_String_xy@msg           cstackCOMRAM 00000B
i2LCD_String_xy@pos           cstackCOMRAM 00000A
i2LCD_String_xy@row           cstackCOMRAM 00000D
i2MSdelay@i                   cstackCOMRAM 000003
i2MSdelay@j                   cstackCOMRAM 000005
i2MSdelay@val                 cstackCOMRAM 000001
i2_LCD_Char                   text68       009E60
i2_LCD_Clear                  text38       009EA4
i2_LCD_Command                text69       009E7E
i2_LCD_String                 text67       009516
i2_LCD_String_xy              text66       009CA2
i2_MSdelay                    text70       009A26
i2___fladd                    text60       006174
i2___fladd@a                  cstackCOMRAM 000005
i2___fladd@aexp               cstackCOMRAM 00000E
i2___fladd@b                  cstackCOMRAM 000001
i2___fladd@bexp               cstackCOMRAM 00000F
i2___fladd@grs                cstackCOMRAM 000010
i2___fladd@signs              cstackCOMRAM 00000D
i2___fldiv                    text65       007252
i2___fldiv@a                  cstackCOMRAM 000005
i2___fldiv@aexp               cstackCOMRAM 000019
i2___fldiv@b                  cstackCOMRAM 000001
i2___fldiv@bexp               cstackCOMRAM 000018
i2___fldiv@grs                cstackCOMRAM 000014
i2___fldiv@new_exp            cstackCOMRAM 000012
i2___fldiv@rem                cstackCOMRAM 00000D
i2___fldiv@sign               cstackCOMRAM 000011
i2___fleq                     text64       00926C
i2___fleq@ff1                 cstackCOMRAM 000001
i2___fleq@ff2                 cstackCOMRAM 000005
i2___flge                     text63       0086D0
i2___flge@ff1                 cstackCOMRAM 000028
i2___flge@ff2                 cstackCOMRAM 00002C
i2___flmul                    text62       006A76
i2___flmul@a                  cstackCOMRAM 000013
i2___flmul@aexp               cstackCOMRAM 00001C
i2___flmul@b                  cstackCOMRAM 00000F
i2___flmul@bexp               cstackCOMRAM 000021
i2___flmul@grs                cstackCOMRAM 00001D
i2___flmul@prod               cstackCOMRAM 000022
i2___flmul@sign               cstackCOMRAM 00001B
i2___flmul@temp               cstackCOMRAM 000026
i2___flneg                    text61       009D1C
i2___flneg@f1                 cstackCOMRAM 000001
i2___flsub                    text59       009BD4
i2___flsub@a                  cstackCOMRAM 00002C
i2___flsub@b                  cstackCOMRAM 000028
i2___fltol                    text58       0085CA
i2___fltol@exp1               cstackCOMRAM 00000A
i2___fltol@f1                 cstackCOMRAM 000001
i2___fltol@sign1              cstackCOMRAM 000009
i2___fpclassifyf              text57       0088D4
i2___fpclassifyf@e            cstackCOMRAM 000009
i2___fpclassifyf@u            cstackCOMRAM 00000B
i2___fpclassifyf@x            cstackCOMRAM 000001
i2___xxtofl                   text41       0080BE
i2___xxtofl@arg               cstackCOMRAM 00000B
i2___xxtofl@exp               cstackCOMRAM 00000A
i2___xxtofl@sign              cstackCOMRAM 000009
i2___xxtofl@val               cstackCOMRAM 000001
i2_efgtoa                     text48       004AA8
i2_efgtoa$1167                cstackBANK0  000066
i2_floorf                     text56       007CF4
i2_fputc                      text52       00902E
i2_fputs                      text51       009C5E
i2_labs                       text55       009844
i2_memcpy                     text54       009792
i2_pad                        text50       009588
i2_putch                      text53       009EB2
i2_read_prec_or_width         text47       008CAE
i2_sprintf                    text44       009B48
i2_strcat                     text43       009662
i2_strcpy                     text49       009B8E
i2_vfpfcnvrt                  text46       007862
i2_vfprintf                   text45       009940
i2efgtoa@c                    cstackCOMRAM 00003A
i2efgtoa@d                    cstackBANK0  00006B
i2efgtoa@e                    cstackBANK0  00006F
i2efgtoa@f                    cstackCOMRAM 000036
i2efgtoa@fp                   cstackCOMRAM 000034
i2efgtoa@g                    cstackBANK0  000082
i2efgtoa@h                    cstackBANK0  000079
i2efgtoa@i                    cstackBANK0  000077
i2efgtoa@l                    cstackBANK0  00007D
i2efgtoa@m                    cstackBANK0  00006D
i2efgtoa@mode                 cstackBANK0  000069
i2efgtoa@n                    cstackBANK0  000086
i2efgtoa@ne                   cstackBANK0  000060
i2efgtoa@nmode                cstackBANK0  00006A
i2efgtoa@ou                   cstackBANK0  000073
i2efgtoa@p                    cstackBANK0  000062
i2efgtoa@pp                   cstackBANK0  000068
i2efgtoa@sign                 cstackBANK0  000081
i2efgtoa@t                    cstackBANK0  000064
i2efgtoa@u                    cstackBANK0  000088
i2efgtoa@w                    cstackBANK0  000071
i2floorf@e                    cstackCOMRAM 000028
i2floorf@m                    cstackCOMRAM 000024
i2floorf@u                    cstackCOMRAM 00002A
i2floorf@x                    cstackCOMRAM 00001A
i2fputc@c                     cstackCOMRAM 000001
i2fputc@fp                    cstackCOMRAM 000003
i2fputs@c                     cstackCOMRAM 00000E
i2fputs@fp                    cstackCOMRAM 00000C
i2fputs@i                     cstackCOMRAM 00000F
i2fputs@s                     cstackCOMRAM 00000A
i2labs@a                      cstackCOMRAM 000001
i2memcpy@d                    cstackCOMRAM 000008
i2memcpy@d1                   cstackCOMRAM 000001
i2memcpy@n                    cstackCOMRAM 000005
i2memcpy@s                    cstackCOMRAM 00000A
i2memcpy@s1                   cstackCOMRAM 000003
i2memcpy@tmp                  cstackCOMRAM 000007
i2pad@buf                     cstackCOMRAM 000013
i2pad@fp                      cstackCOMRAM 000011
i2pad@i                       cstackCOMRAM 000018
i2pad@p                       cstackCOMRAM 000015
i2read_prec_or_width@ap       cstackCOMRAM 000003
i2read_prec_or_width@c        cstackCOMRAM 000007
i2read_prec_or_width@fmt      cstackCOMRAM 000001
i2read_prec_or_width@n        cstackCOMRAM 000008
i2sprintf@ap                  cstackBANK0  000093
i2sprintf@f                   cstackBANK0  000095
i2sprintf@fmt                 cstackBANK0  00008E
i2sprintf@s                   cstackBANK0  00008C
i2strcat@dest                 cstackCOMRAM 000001
i2strcat@i                    cstackCOMRAM 000004
i2strcat@src                  cstackCOMRAM 000003
i2strcpy@d                    cstackCOMRAM 000005
i2strcpy@dest                 cstackCOMRAM 000001
i2strcpy@src                  cstackCOMRAM 000003
i2vfpfcnvrt@ap                cstackCOMRAM 000041
i2vfpfcnvrt@c                 cstackCOMRAM 000049
i2vfpfcnvrt@convarg           cstackCOMRAM 000045
i2vfpfcnvrt@cp                cstackCOMRAM 00004A
i2vfpfcnvrt@fmt               cstackCOMRAM 00003F
i2vfpfcnvrt@fp                cstackCOMRAM 00003D
i2vfprintf@ap                 cstackCOMRAM 00004E
i2vfprintf@cfmt               cstackCOMRAM 000050
i2vfprintf@fmt                cstackCOMRAM 00004D
i2vfprintf@fp                 cstackCOMRAM 00004B
intlevel0                     text         000000
intlevel1                     text         000000
intlevel2                     text         000000
intlevel3                     text         000000
isa$std                       (abs)        000001
isa$xinst                     (abs)        000000
ivt0x4008_base                ivt0x4008    004008
ivt0x4008_undefint            ivt0x4008    0040AC
labs@a                        cstackBANK1  000100
log10f@F474                   bssBANK0     0000A8
log10f@R                      cstackBANK2  000200
log10f@dk                     cstackBANK2  000222
log10f@f                      cstackBANK2  000246
log10f@hfsq                   cstackBANK2  00022E
log10f@hi                     cstackBANK2  000242
log10f@k                      cstackBANK2  000220
log10f@lo                     cstackBANK2  000226
log10f@s                      cstackBANK2  000232
log10f@t1                     cstackBANK2  000204
log10f@t2                     cstackBANK2  000208
log10f@ux                     cstackBANK2  00024A
log10f@w                      cstackBANK2  00023A
log10f@x                      cstackBANK1  000150
log10f@z                      cstackBANK2  000236
memcpy@d                      cstackBANK1  000107
memcpy@d1                     cstackBANK1  000100
memcpy@n                      cstackBANK1  000104
memcpy@s                      cstackBANK1  000109
memcpy@s1                     cstackBANK1  000102
memcpy@tmp                    cstackBANK1  000106
pad@buf                       cstackBANK1  000112
pad@fp                        cstackBANK1  000110
pad@i                         cstackBANK1  000117
pad@p                         cstackBANK1  000114
play_note@cycles              cstackCOMRAM 000026
play_note@delay_us            cstackCOMRAM 000022
play_note@duration_ms         cstackCOMRAM 00001C
play_note@frequency           cstackCOMRAM 00001A
play_note@i                   cstackCOMRAM 00002A
read_prec_or_width@ap         cstackBANK1  000102
read_prec_or_width@c          cstackBANK1  000106
read_prec_or_width@fmt        cstackBANK1  000100
read_prec_or_width@n          cstackBANK1  000107
sprintf@ap                    cstackBANK2  000215
sprintf@f                     cstackBANK2  000217
sprintf@fmt                   cstackBANK2  000210
sprintf@s                     cstackBANK2  00020E
stackhi                       (abs)        000000
stacklo                       (abs)        000000
start                         init         0040AE
start_initialization          cinit        0098EE
strcat@dest                   cstackBANK1  000100
strcat@i                      cstackBANK1  000103
strcat@src                    cstackBANK1  000102
strcpy@d                      cstackBANK1  000104
strcpy@dest                   cstackBANK1  000100
strcpy@src                    cstackBANK1  000102
vfpfcnvrt@ap                  cstackBANK1  00019D
vfpfcnvrt@c                   cstackBANK2  000206
vfpfcnvrt@convarg             cstackBANK2  000202
vfpfcnvrt@cp                  cstackBANK2  000207
vfpfcnvrt@fmt                 cstackBANK1  00019B
vfpfcnvrt@fp                  cstackBANK1  000199
vfprintf@ap                   cstackBANK2  00020B
vfprintf@cfmt                 cstackBANK2  00020D
vfprintf@fmt                  cstackBANK2  00020A
vfprintf@fp                   cstackBANK2  000208


MODULE INFORMATION

Module		Function		Class		Link	Load	Size
C:\Program Files\Microchip\xc8\v3.00\pic\sources\c99\common\flge.c
		___flge        		CODE           	84C4	0000	262

C:\Program Files\Microchip\xc8\v3.00\pic\sources\c99\common\flge.c estimated size: 262

C:\Program Files\Microchip\xc8\v3.00\pic\sources\c99\common\nf_fputc.c
		_fputc         		CODE           	8E7A	0000	218

C:\Program Files\Microchip\xc8\v3.00\pic\sources\c99\common\nf_fputc.c estimated size: 218

ADC_main.c
		_main          		CODE           	9E40	0000	32

ADC_main.c estimated size: 32

C:\Program Files\Microchip\xc8\v3.00\pic\sources\c99\common\memcpy.c
		_memcpy        		CODE           	9736	0000	92

C:\Program Files\Microchip\xc8\v3.00\pic\sources\c99\common\memcpy.c estimated size: 92

C:\Program Files\Microchip\xc8\v3.00\pic\sources\c99\common\flneg.c
		___flneg       		CODE           	9CE2	0000	58

C:\Program Files\Microchip\xc8\v3.00\pic\sources\c99\common\flneg.c estimated size: 58

C:\Program Files\Microchip\xc8\v3.00\pic\sources\c99\common\__fpclassifyf.c
		___fpclassifyf 		CODE           	87D4	0000	256

C:\Program Files\Microchip\xc8\v3.00\pic\sources\c99\common\__fpclassifyf.c estimated size: 256

C:\Program Files\Microchip\xc8\v3.00\pic\sources\c99\common\nf_sprintf.c
		_sprintf       		CODE           	998E	0000	76

C:\Program Files\Microchip\xc8\v3.00\pic\sources\c99\common\nf_sprintf.c estimated size: 76

C:\Program Files\Microchip\xc8\v3.00\pic\sources\c99\common\log10f.c
		_log10f        		CODE           	549A	0000	2082

C:\Program Files\Microchip\xc8\v3.00\pic\sources\c99\common\log10f.c estimated size: 2082

C:\Program Files\Microchip\xc8\v3.00\pic\sources\c99\common\floorf.c
		_floorf        		CODE           	7ADE	0000	534

C:\Program Files\Microchip\xc8\v3.00\pic\sources\c99\common\floorf.c estimated size: 534

C:\Program Files\Microchip\xc8\v3.00\pic\sources\c99\common\putch.c
		_putch         		CODE           	9EB0	0000	2

C:\Program Files\Microchip\xc8\v3.00\pic\sources\c99\common\putch.c estimated size: 2

C:\Program Files\Microchip\xc8\v3.00\pic\sources\c99\common\fleq.c
		___fleq        		CODE           	91C0	0000	172

C:\Program Files\Microchip\xc8\v3.00\pic\sources\c99\common\fleq.c estimated size: 172

C:\Program Files\Microchip\xc8\v3.00\pic\sources\c99\common\sprcmul.c
		___flmul       		CODE           	662A	0000	1100

C:\Program Files\Microchip\xc8\v3.00\pic\sources\c99\common\sprcmul.c estimated size: 1100

C:\Program Files\Microchip\xc8\v3.00\pic\sources\c99\common\Umul32.c
		___lmul        		CODE           	96CC	0000	106

C:\Program Files\Microchip\xc8\v3.00\pic\sources\c99\common\Umul32.c estimated size: 106

./Functions.h
		_ISR           		CODE           	8AD0	0000	240
		_ADC_RA2Conver 		CODE           	8272	0000	330
		_timer_func    		CODE           	89D2	0000	252
		_play_melody   		CODE           	9106	0000	186
		_volt_read_func		CODE           	9D80	0000	44
		_play_note     		CODE           	8D9A	0000	224
		_ADC_RA3Conver 		CODE           	8F54	0000	218

./Functions.h estimated size: 1494

C:\Program Files\Microchip\xc8\v3.00\pic\sources\c99\common\__lldiv.c
		___lldiv       		CODE           	9316	0000	164

C:\Program Files\Microchip\xc8\v3.00\pic\sources\c99\common\__lldiv.c estimated size: 164

C:\Program Files\Microchip\xc8\v3.00\pic\sources\c99\common\strcat.c
		_strcat        		CODE           	95F6	0000	108

C:\Program Files\Microchip\xc8\v3.00\pic\sources\c99\common\strcat.c estimated size: 108

./Initialize.h
		_LCD_String    		CODE           	9430	0000	116
		_LCD_Init      		CODE           	93BA	0000	118
		_LCD_Command   		CODE           	9E1E	0000	34
		_LCD_String_xy 		CODE           	9C1A	0000	68
		_INTERRUPT_Initialize		CODE           	9DD4	0000	40
		_LCD_Char      		CODE           	9DFC	0000	34
		_PORTS_Init    		CODE           	9DAC	0000	40
		_LCD_Clear     		CODE           	9E9C	0000	8
		_MSdelay       		CODE           	99DA	0000	76
		_ADC_Init      		CODE           	9D54	0000	44

./Initialize.h estimated size: 578

C:\Program Files\Microchip\xc8\v3.00\pic\sources\c99\common\sprcdiv.c
		___fldiv       		CODE           	6EC0	0000	914

C:\Program Files\Microchip\xc8\v3.00\pic\sources\c99\common\sprcdiv.c estimated size: 914

shared
		i2_strcat      		CODE           	9662	0000	106
		i2_vfpfcnvrt   		CODE           	7862	0000	636
		i2_pad         		CODE           	9588	0000	110
		_ivln10lo      		SMALLCONST     	0000	0000	0
		i2_floorf      		CODE           	7CF4	0000	530
		i2_labs        		CODE           	9844	0000	86
		i2_read_prec_or_width		CODE           	8CAE	0000	236
		i2_putch       		CODE           	9EB2	0000	2
		i2___fleq      		CODE           	926C	0000	170
		_Lg1           		SMALLCONST     	0000	0000	0
		i2_LCD_Char    		CODE           	9E60	0000	30
		i2_LCD_Clear   		CODE           	9EA4	0000	8
		_Lg2           		SMALLCONST     	0000	0000	0
		i2_LCD_String  		CODE           	9516	0000	114
		i2_vfprintf    		CODE           	9940	0000	78
		_Lg3           		SMALLCONST     	0000	0000	0
		_ivln10hi      		SMALLCONST     	0000	0000	0
		_Lg4           		SMALLCONST     	0000	0000	0
		i2___flneg     		CODE           	9D1C	0000	56
		i2_LCD_Command 		CODE           	9E7E	0000	30
		i2_strcpy      		CODE           	9B8E	0000	70
		i2___fladd     		CODE           	6174	0000	1206
		i2_MSdelay     		CODE           	9A26	0000	74
		i2___fldiv     		CODE           	7252	0000	912
		i2___fltol     		CODE           	85CA	0000	262
		__initialization		CODE           	98EE	0000	76
		i2___flge      		CODE           	86D0	0000	260
		_log10_2hi     		SMALLCONST     	0000	0000	0
		_log10_2lo     		SMALLCONST     	0000	0000	0
		i2___flmul     		CODE           	6A76	0000	1098
		i2_sprintf     		CODE           	9B48	0000	70
		i2___xxtofl    		CODE           	80BE	0000	436
		i2___fpclassifyf		CODE           	88D4	0000	254
		i2___flsub     		CODE           	9BD4	0000	70
		i2_efgtoa      		CODE           	4AA8	0000	2546
		i2_LCD_String_xy		CODE           	9CA2	0000	64
		i2_fputc       		CODE           	902E	0000	216
		i2_fputs       		CODE           	9C5E	0000	68
		i2_memcpy      		CODE           	9792	0000	90

shared estimated size: 9964

C:\Program Files\Microchip\xc8\v3.00\pic\sources\c99\common\xxtofl.c
		___xxtofl      		CODE           	7F06	0000	440

C:\Program Files\Microchip\xc8\v3.00\pic\sources\c99\common\xxtofl.c estimated size: 440

C:\Program Files\Microchip\xc8\v3.00\pic\sources\c99\common\nf_fputs.c
		_fputs         		CODE           	9AB8	0000	72

C:\Program Files\Microchip\xc8\v3.00\pic\sources\c99\common\nf_fputs.c estimated size: 72

C:\Program Files\Microchip\xc8\v3.00\pic\sources\c99\common\strcpy.c
		_strcpy        		CODE           	9A70	0000	72

C:\Program Files\Microchip\xc8\v3.00\pic\sources\c99\common\strcpy.c estimated size: 72

C:\Program Files\Microchip\xc8\v3.00\pic\sources\c99\common\fltol.c
		___fltol       		CODE           	83BC	0000	264

C:\Program Files\Microchip\xc8\v3.00\pic\sources\c99\common\fltol.c estimated size: 264

C:\Program Files\Microchip\xc8\v3.00\pic\sources\c99\common\labs.c
		_labs          		CODE           	97EC	0000	88

C:\Program Files\Microchip\xc8\v3.00\pic\sources\c99\common\labs.c estimated size: 88

C:\Program Files\Microchip\xc8\v3.00\pic\sources\c99\common\doprnt.c
		_read_prec_or_width		CODE           	8BC0	0000	238
		_vfpfcnvrt     		CODE           	75E2	0000	640
		_efgtoa        		CODE           	40B2	0000	2550
		_pad           		CODE           	94A4	0000	114
		_vfprintf      		CODE           	989A	0000	84

C:\Program Files\Microchip\xc8\v3.00\pic\sources\c99\common\doprnt.c estimated size: 3626

C:\Program Files\Microchip\xc8\v3.00\pic\sources\c99\common\sprcadd.c
		___flsub       		CODE           	9B00	0000	72
		___fladd       		CODE           	5CBC	0000	1208

C:\Program Files\Microchip\xc8\v3.00\pic\sources\c99\common\sprcadd.c estimated size: 1280

